ATTACK_START id=rev_nc1 scenario=reverse_shell epoch=1777867376 human="2026-05-04T04:02:56+00:00"
ATTACK_STOP id=rev_nc1 scenario=reverse_shell epoch=1777867400 human="2026-05-04T04:03:20+00:00"
ATTACK_START id=sshroot1 scenario=ssh_root epoch=1777867474 human="2026-05-04T04:04:34+00:00"
ATTACK_STOP id=sshroot1 scenario=ssh_root epoch=1777867481 human="2026-05-04T04:04:41+00:00"
ATTACK_START id=cron1 scenario=cron epoch=1777867623 human="2026-05-04T04:07:03+00:00"
ATTACK_STOP id=cron1 scenario=cron epoch=1777867640 human="2026-05-04T04:07:20+00:00"
ATTACK_START id=drop1 scenario=dropper epoch=1777867885 human="2026-05-04T04:11:25+00:00"
ATTACK_STOP id=drop1 scenario=dropper epoch=1777867901 human="2026-05-04T04:11:41+00:00"
ATTACK_START id=user1 scenario=user_add epoch=1777868029 human="2026-05-04T04:13:49+00:00"
ATTACK_STOP id=user1 scenario=user_add epoch=1777868047 human="2026-05-04T04:14:07+00:00"
ATTACK_START id=ssh_chain1 scenario=ssh_persistence epoch=1777868072 human="2026-05-04T04:14:32+00:00"
ATTACK_STOP id=ssh_chain1 scenario=ssh_persistence epoch=1777868097 human="2026-05-04T04:14:57+00:00"
ATTACK_START id=cron_chain1 scenario=cron epoch=1777868120 human="2026-05-04T04:15:20+00:00"
ATTACK_STOP id=cron_chain1 scenario=cron epoch=1777868163 human="2026-05-04T04:16:03+00:00"
ATTACK_START id=rev_socat1 scenario=reverse_shell epoch=1777868258 human="2026-05-04T04:17:38+00:00"
ATTACK_STOP id=rev_socat1 scenario=reverse_shell epoch=1777868277 human="2026-05-04T04:17:57+00:00"
ATTACK_START id=bind_nc1 scenario=bind_shell epoch=1777868370 human="2026-05-04T04:19:30+00:00"
ATTACK_STOP id=bind_nc1 scenario=bind_shell epoch=1777868430 human="2026-05-04T04:20:30+00:00"
ATTACK_START id=bind_nc2 scenario=bind_shell epoch=1777868497 human="2026-05-04T04:21:37+00:00"
ATTACK_STOP id=bind_nc2 scenario=bind_shell epoch=1777868530 human="2026-05-04T04:22:10+00:00"
